[nt.vendettagn.com/index.html]
[backblue.gif]
[fade.gif]
[index.html]
[nt.vendettagn.com/assets/images/fav.png]
[ajax.googleapis.com/ajax/libs/jquery/1.10.2/jquery.min.js]
[nt.vendettagn.com/assets/js/rotate3Di.min.js]
[nt.vendettagn.com/assets/js/3d-falling-leaves.min.js]
[nt.vendettagn.com/assets/js/modernizr.js]
[nt.vendettagn.com/donate.html]
[nt.vendettagn.com/shop.html]
[nt.vendettagn.com/event.html]
[nt.vendettagn.com/assets/images/event.jpg]
[nt.vendettagn.com/assets/images/patch.jpg]
[nt.vendettagn.com/assets/images/news.jpg]
[nt.vendettagn.com/assets/images/vgn.jpg]
[nt.vendettagn.com/download.html]
[nt.vendettagn.com/assets/js/jquery.flexslider.js]
[nt.vendettagn.com/index.html]
[nt.vendettagn.com/assets/css/fonts/calibri.html]
[nt.vendettagn.com/assets/fonts/gautamib.ttf]
[nt.vendettagn.com/assets/fonts/calibrib.ttf]
[nt.vendettagn.com/assets/fonts/ARIALN.TTF]
[nt.vendettagn.com/assets/fonts/ebrima.ttf]
[nt.vendettagn.com/assets/images/bg.jpg]
[nt.vendettagn.com/assets/images/header.jpg]
[nt.vendettagn.com/assets/images/bottom.jpg]
[nt.vendettagn.com/assets/images/content.jpg]
[nt.vendettagn.com/assets/images/footer.jpg]
[nt.vendettagn.com/assets/images/logo.png]
[nt.vendettagn.com/assets/images/icon_footer_gamelist.gif]
[nt.vendettagn.com/assets/images/li-small.gif]
[nt.vendettagn.com/assets/images/up.png]
[nt.vendettagn.com/assets/images/leaves.png]
[nt.vendettagn.com/assets/images/register_normal.jpg]
[nt.vendettagn.com/assets/images/register.jpg]
[nt.vendettagn.com/assets/images/download_normal.jpg]
[nt.vendettagn.com/assets/images/download.jpg]
[nt.vendettagn.com/assets/images/bg.png]
[nt.vendettagn.com/assets/css/style.css]
[nt.vendettagn.com/assets/css/fonts/flexslider-icon.html]
[nt.vendettagn.com/assets/css/fonts/flexslider-icond41d.html]
[nt.vendettagn.com/assets/css/fonts/flexslider-icon-2.html]
[nt.vendettagn.com/assets/css/fonts/flexslider-icon-3.html]
[nt.vendettagn.com/assets/css/flexslider.css]
[nt.vendettagn.com/assets/css/fonts/flexslider-icon-4.html]
[nt.vendettagn.com/assets/fonts/fontawesome-webfont5b62.eot]
[nt.vendettagn.com/assets/fonts/fontawesome-webfontd41d.eot]
[nt.vendettagn.com/assets/fonts/fontawesome-webfont5b62.woff2]
[nt.vendettagn.com/assets/fonts/fontawesome-webfont5b62.woff]
[nt.vendettagn.com/assets/fonts/fontawesome-webfont5b62.ttf]
[nt.vendettagn.com/assets/css/font-awesome.min.css]
[www.google.com/recaptcha/api.js]
[nt.vendettagn.com/donate.html]
[nt.vendettagn.com/shop.html]
[nt.vendettagn.com/event.html]
[nt.vendettagn.com/download.html]
[nt.vendettagn.com/assets/css/fonts/assets/css/style.css]
[nt.vendettagn.com/assets/css/fonts/assets/images/fav.png]
[nt.vendettagn.com/assets/css/fonts/assets/css/flexslider.css]
[nt.vendettagn.com/assets/css/fonts/assets/css/font-awesome.min.css]
[nt.vendettagn.com/assets/css/fonts/assets/js/rotate3Di.min.js]
[nt.vendettagn.com/assets/css/fonts/assets/js/3d-falling-leaves.min.js]
[nt.vendettagn.com/assets/css/fonts/assets/js/modernizr.js]
[nt.vendettagn.com/assets/css/fonts/donate.html]
[nt.vendettagn.com/assets/css/fonts/shop.html]
[nt.vendettagn.com/assets/css/fonts/event.html]
[nt.vendettagn.com/assets/css/fonts/assets/images/event.jpg]
[nt.vendettagn.com/assets/css/fonts/assets/images/patch.jpg]
[nt.vendettagn.com/assets/css/fonts/assets/images/news.jpg]
[nt.vendettagn.com/assets/css/fonts/assets/images/vgn.jpg]
[nt.vendettagn.com/assets/css/fonts/download.html]
[nt.vendettagn.com/assets/css/fonts/assets/js/jquery.flexslider.js]
[nt.vendettagn.com/assets/css/fonts/calibri.html]
[nt.vendettagn.com/assets/images/icon_footer_gamelist.html]
[nt.vendettagn.com/assets/images/up.html]
[nt.vendettagn.com/assets/css/fonts/flexslider-icon.html]
[nt.vendettagn.com/assets/css/fonts/flexslider-icond41d.html]
[nt.vendettagn.com/assets/css/fonts/flexslider-icon-2.html]
[nt.vendettagn.com/assets/css/fonts/flexslider-icon-3.html]
[nt.vendettagn.com/assets/css/fonts/flexslider-icon-4.html]
[nt.vendettagn.com/assets/fonts/fontawesome-webfont5b62.svg]
[nt.vendettagn.com/assets/css/fonts/assets/css/style.html]
[nt.vendettagn.com/assets/css/fonts/assets/images/fav.html]
[nt.vendettagn.com/assets/css/fonts/assets/css/flexslider.html]
[nt.vendettagn.com/assets/css/fonts/assets/css/font-awesome.min.html]
[nt.vendettagn.com/assets/css/fonts/assets/js/rotate3Di.min.html]
[nt.vendettagn.com/assets/css/fonts/assets/js/3d-falling-leaves.min.html]
[nt.vendettagn.com/assets/css/fonts/assets/js/modernizr.html]
[nt.vendettagn.com/assets/css/fonts/donate.html]
[nt.vendettagn.com/assets/css/fonts/shop.html]
[nt.vendettagn.com/assets/css/fonts/event.html]
[nt.vendettagn.com/assets/css/fonts/assets/images/event.html]
[nt.vendettagn.com/assets/css/fonts/assets/images/patch.html]
[nt.vendettagn.com/assets/css/fonts/assets/images/news.html]
[nt.vendettagn.com/assets/css/fonts/assets/images/vgn.html]
[nt.vendettagn.com/assets/css/fonts/download.html]
[nt.vendettagn.com/assets/css/fonts/assets/js/jquery.flexslider.html]
